
> api@0.1.0 start D:\Work\_personal_projects\ai-logistics\logistics-monorepo\apps\api
> node dist/main.js

[32m[Nest] 26648  - [39m18.06.2026, 16:47:41 [32m    LOG[39m [38;5;3m[NestFactory] [39m[32mStarting Nest application...[39m
[32m[Nest] 26648  - [39m18.06.2026, 16:47:41 [32m    LOG[39m [38;5;3m[InstanceLoader] [39m[32mAppModule dependencies initialized[39m[38;5;3m +20ms[39m
[32m[Nest] 26648  - [39m18.06.2026, 16:47:41 [32m    LOG[39m [38;5;3m[InstanceLoader] [39m[32mConfigHostModule dependencies initialized[39m[38;5;3m +2ms[39m
[32m[Nest] 26648  - [39m18.06.2026, 16:47:41 [32m    LOG[39m [38;5;3m[InstanceLoader] [39m[32mThrottlerModule dependencies initialized[39m[38;5;3m +1ms[39m
[32m[Nest] 26648  - [39m18.06.2026, 16:47:41 [32m    LOG[39m [38;5;3m[InstanceLoader] [39m[32mConfigModule dependencies initialized[39m[38;5;3m +7ms[39m
[32m[Nest] 26648  - [39m18.06.2026, 16:47:41 [32m    LOG[39m [38;5;3m[InstanceLoader] [39m[32mDatabaseModule dependencies initialized[39m[38;5;3m +5ms[39m
[32m[Nest] 26648  - [39m18.06.2026, 16:47:41 [32m    LOG[39m [38;5;3m[InstanceLoader] [39m[32mHealthModule dependencies initialized[39m[38;5;3m +1ms[39m
[32m[Nest] 26648  - [39m18.06.2026, 16:47:41 [32m    LOG[39m [38;5;3m[InstanceLoader] [39m[32mJwtModule dependencies initialized[39m[38;5;3m +1ms[39m
[32m[Nest] 26648  - [39m18.06.2026, 16:47:41 [32m    LOG[39m [38;5;3m[InstanceLoader] [39m[32mQueueModule dependencies initialized[39m[38;5;3m +1ms[39m
[32m[Nest] 26648  - [39m18.06.2026, 16:47:41 [32m    LOG[39m [38;5;3m[InstanceLoader] [39m[32mAiLogsModule dependencies initialized[39m[38;5;3m +2ms[39m
[32m[Nest] 26648  - [39m18.06.2026, 16:47:41 [32m    LOG[39m [38;5;3m[InstanceLoader] [39m[32mDriversModule dependencies initialized[39m[38;5;3m +0ms[39m
[32m[Nest] 26648  - [39m18.06.2026, 16:47:41 [32m    LOG[39m [38;5;3m[InstanceLoader] [39m[32mLoadsModule dependencies initialized[39m[38;5;3m +1ms[39m
[32m[Nest] 26648  - [39m18.06.2026, 16:47:41 [32m    LOG[39m [38;5;3m[InstanceLoader] [39m[32mAuthModule dependencies initialized[39m[38;5;3m +1ms[39m
[32m[Nest] 26648  - [39m18.06.2026, 16:47:41 [32m    LOG[39m [38;5;3m[InstanceLoader] [39m[32mNotificationsModule dependencies initialized[39m[38;5;3m +0ms[39m
[32m[Nest] 26648  - [39m18.06.2026, 16:47:41 [32m    LOG[39m [38;5;3m[InstanceLoader] [39m[32mIncidentsModule dependencies initialized[39m[38;5;3m +1ms[39m
[32m[Nest] 26648  - [39m18.06.2026, 16:47:41 [32m    LOG[39m [38;5;3m[InstanceLoader] [39m[32mDocumentsModule dependencies initialized[39m[38;5;3m +1ms[39m
[32m[Nest] 26648  - [39m18.06.2026, 16:47:41 [32m    LOG[39m [38;5;3m[InstanceLoader] [39m[32mAssistantModule dependencies initialized[39m[38;5;3m +0ms[39m
[32m[Nest] 26648  - [39m18.06.2026, 16:47:44 [32m    LOG[39m [38;5;3m[WebSocketsController] [39m[32mIncidentsGateway subscribed to the "incident.subscribe" message[39m[38;5;3m +3458ms[39m
[32m[Nest] 26648  - [39m18.06.2026, 16:47:44 [32m    LOG[39m [38;5;3m[RoutesResolver] [39m[32mAuthController {/api/auth}:[39m[38;5;3m +1ms[39m
[32m[Nest] 26648  - [39m18.06.2026, 16:47:44 [32m    LOG[39m [38;5;3m[RouterExplorer] [39m[32mMapped {/api/auth/register, POST} route[39m[38;5;3m +2ms[39m
[32m[Nest] 26648  - [39m18.06.2026, 16:47:44 [32m    LOG[39m [38;5;3m[RouterExplorer] [39m[32mMapped {/api/auth/login, POST} route[39m[38;5;3m +0ms[39m
[32m[Nest] 26648  - [39m18.06.2026, 16:47:44 [32m    LOG[39m [38;5;3m[RouterExplorer] [39m[32mMapped {/api/auth/refresh, POST} route[39m[38;5;3m +0ms[39m
[32m[Nest] 26648  - [39m18.06.2026, 16:47:44 [32m    LOG[39m [38;5;3m[RouterExplorer] [39m[32mMapped {/api/auth/me, GET} route[39m[38;5;3m +1ms[39m
[32m[Nest] 26648  - [39m18.06.2026, 16:47:44 [32m    LOG[39m [38;5;3m[RouterExplorer] [39m[32mMapped {/api/auth/socket-token, POST} route[39m[38;5;3m +0ms[39m
[32m[Nest] 26648  - [39m18.06.2026, 16:47:44 [32m    LOG[39m [38;5;3m[RouterExplorer] [39m[32mMapped {/api/auth/operations, GET} route[39m[38;5;3m +1ms[39m
[32m[Nest] 26648  - [39m18.06.2026, 16:47:44 [32m    LOG[39m [38;5;3m[RoutesResolver] [39m[32mAiLogsController {/api/ai-logs}:[39m[38;5;3m +0ms[39m
[32m[Nest] 26648  - [39m18.06.2026, 16:47:44 [32m    LOG[39m [38;5;3m[RouterExplorer] [39m[32mMapped {/api/ai-logs, GET} route[39m[38;5;3m +0ms[39m
[32m[Nest] 26648  - [39m18.06.2026, 16:47:44 [32m    LOG[39m [38;5;3m[RouterExplorer] [39m[32mMapped {/api/ai-logs/metrics, GET} route[39m[38;5;3m +1ms[39m
[32m[Nest] 26648  - [39m18.06.2026, 16:47:44 [32m    LOG[39m [38;5;3m[RouterExplorer] [39m[32mMapped {/api/ai-logs, POST} route[39m[38;5;3m +0ms[39m
[32m[Nest] 26648  - [39m18.06.2026, 16:47:44 [32m    LOG[39m [38;5;3m[RoutesResolver] [39m[32mAssistantController {/api/assistant}:[39m[38;5;3m +0ms[39m
[32m[Nest] 26648  - [39m18.06.2026, 16:47:44 [32m    LOG[39m [38;5;3m[RouterExplorer] [39m[32mMapped {/api/assistant, POST} route[39m[38;5;3m +1ms[39m
[32m[Nest] 26648  - [39m18.06.2026, 16:47:44 [32m    LOG[39m [38;5;3m[RoutesResolver] [39m[32mAssistantJobsController {/api/assistant/jobs}:[39m[38;5;3m +0ms[39m
[32m[Nest] 26648  - [39m18.06.2026, 16:47:44 [32m    LOG[39m [38;5;3m[RouterExplorer] [39m[32mMapped {/api/assistant/jobs, POST} route[39m[38;5;3m +0ms[39m
[32m[Nest] 26648  - [39m18.06.2026, 16:47:44 [32m    LOG[39m [38;5;3m[RouterExplorer] [39m[32mMapped {/api/assistant/jobs/:jobId, GET} route[39m[38;5;3m +1ms[39m
[32m[Nest] 26648  - [39m18.06.2026, 16:47:44 [32m    LOG[39m [38;5;3m[RoutesResolver] [39m[32mDriversController {/api/drivers}:[39m[38;5;3m +0ms[39m
[32m[Nest] 26648  - [39m18.06.2026, 16:47:44 [32m    LOG[39m [38;5;3m[RouterExplorer] [39m[32mMapped {/api/drivers, GET} route[39m[38;5;3m +0ms[39m
[32m[Nest] 26648  - [39m18.06.2026, 16:47:44 [32m    LOG[39m [38;5;3m[RouterExplorer] [39m[32mMapped {/api/drivers/candidates, GET} route[39m[38;5;3m +0ms[39m
[32m[Nest] 26648  - [39m18.06.2026, 16:47:44 [32m    LOG[39m [38;5;3m[RouterExplorer] [39m[32mMapped {/api/drivers/:id, GET} route[39m[38;5;3m +0ms[39m
[32m[Nest] 26648  - [39m18.06.2026, 16:47:44 [32m    LOG[39m [38;5;3m[RouterExplorer] [39m[32mMapped {/api/drivers, POST} route[39m[38;5;3m +1ms[39m
[32m[Nest] 26648  - [39m18.06.2026, 16:47:44 [32m    LOG[39m [38;5;3m[RouterExplorer] [39m[32mMapped {/api/drivers/:id, PATCH} route[39m[38;5;3m +0ms[39m
[32m[Nest] 26648  - [39m18.06.2026, 16:47:44 [32m    LOG[39m [38;5;3m[RouterExplorer] [39m[32mMapped {/api/drivers/:id/documents, POST} route[39m[38;5;3m +0ms[39m
[32m[Nest] 26648  - [39m18.06.2026, 16:47:44 [32m    LOG[39m [38;5;3m[RouterExplorer] [39m[32mMapped {/api/drivers/:id/documents/:documentId, DELETE} route[39m[38;5;3m +1ms[39m
[32m[Nest] 26648  - [39m18.06.2026, 16:47:44 [32m    LOG[39m [38;5;3m[RouterExplorer] [39m[32mMapped {/api/drivers/:id/vehicle, PUT} route[39m[38;5;3m +0ms[39m
[32m[Nest] 26648  - [39m18.06.2026, 16:47:44 [32m    LOG[39m [38;5;3m[RouterExplorer] [39m[32mMapped {/api/drivers/:id, DELETE} route[39m[38;5;3m +0ms[39m
[32m[Nest] 26648  - [39m18.06.2026, 16:47:44 [32m    LOG[39m [38;5;3m[RoutesResolver] [39m[32mLoadsController {/api/loads}:[39m[38;5;3m +0ms[39m
[32m[Nest] 26648  - [39m18.06.2026, 16:47:44 [32m    LOG[39m [38;5;3m[RouterExplorer] [39m[32mMapped {/api/loads, GET} route[39m[38;5;3m +0ms[39m
[32m[Nest] 26648  - [39m18.06.2026, 16:47:44 [32m    LOG[39m [38;5;3m[RouterExplorer] [39m[32mMapped {/api/loads/:id, GET} route[39m[38;5;3m +1ms[39m
[32m[Nest] 26648  - [39m18.06.2026, 16:47:44 [32m    LOG[39m [38;5;3m[RouterExplorer] [39m[32mMapped {/api/loads, POST} route[39m[38;5;3m +0ms[39m
[32m[Nest] 26648  - [39m18.06.2026, 16:47:44 [32m    LOG[39m [38;5;3m[RouterExplorer] [39m[32mMapped {/api/loads/:id/assign-driver, PATCH} route[39m[38;5;3m +0ms[39m
[32m[Nest] 26648  - [39m18.06.2026, 16:47:44 [32m    LOG[39m [38;5;3m[RouterExplorer] [39m[32mMapped {/api/loads/:id, PATCH} route[39m[38;5;3m +0ms[39m
[32m[Nest] 26648  - [39m18.06.2026, 16:47:44 [32m    LOG[39m [38;5;3m[RoutesResolver] [39m[32mIncidentsController {/api/incidents}:[39m[38;5;3m +1ms[39m
[32m[Nest] 26648  - [39m18.06.2026, 16:47:44 [32m    LOG[39m [38;5;3m[RouterExplorer] [39m[32mMapped {/api/incidents, GET} route[39m[38;5;3m +0ms[39m
[32m[Nest] 26648  - [39m18.06.2026, 16:47:44 [32m    LOG[39m [38;5;3m[RouterExplorer] [39m[32mMapped {/api/incidents/:id, GET} route[39m[38;5;3m +0ms[39m
[32m[Nest] 26648  - [39m18.06.2026, 16:47:44 [32m    LOG[39m [38;5;3m[RouterExplorer] [39m[32mMapped {/api/incidents/:id/timeline, GET} route[39m[38;5;3m +0ms[39m
[32m[Nest] 26648  - [39m18.06.2026, 16:47:44 [32m    LOG[39m [38;5;3m[RouterExplorer] [39m[32mMapped {/api/incidents, POST} route[39m[38;5;3m +1ms[39m
[32m[Nest] 26648  - [39m18.06.2026, 16:47:44 [32m    LOG[39m [38;5;3m[RouterExplorer] [39m[32mMapped {/api/incidents/:id, PATCH} route[39m[38;5;3m +0ms[39m
[32m[Nest] 26648  - [39m18.06.2026, 16:47:44 [32m    LOG[39m [38;5;3m[RouterExplorer] [39m[32mMapped {/api/incidents/:id/timeline, PATCH} route[39m[38;5;3m +0ms[39m
[32m[Nest] 26648  - [39m18.06.2026, 16:47:44 [32m    LOG[39m [38;5;3m[RouterExplorer] [39m[32mMapped {/api/incidents/:id/status, PATCH} route[39m[38;5;3m +1ms[39m
[32m[Nest] 26648  - [39m18.06.2026, 16:47:44 [32m    LOG[39m [38;5;3m[RoutesResolver] [39m[32mNotificationsController {/api/notifications}:[39m[38;5;3m +0ms[39m
[32m[Nest] 26648  - [39m18.06.2026, 16:47:44 [32m    LOG[39m [38;5;3m[RouterExplorer] [39m[32mMapped {/api/notifications, GET} route[39m[38;5;3m +0ms[39m
[32m[Nest] 26648  - [39m18.06.2026, 16:47:44 [32m    LOG[39m [38;5;3m[RouterExplorer] [39m[32mMapped {/api/notifications/unread-count, GET} route[39m[38;5;3m +1ms[39m
[32m[Nest] 26648  - [39m18.06.2026, 16:47:44 [32m    LOG[39m [38;5;3m[RouterExplorer] [39m[32mMapped {/api/notifications/preferences, GET} route[39m[38;5;3m +0ms[39m
[32m[Nest] 26648  - [39m18.06.2026, 16:47:44 [32m    LOG[39m [38;5;3m[RouterExplorer] [39m[32mMapped {/api/notifications/preferences, PATCH} route[39m[38;5;3m +0ms[39m
[32m[Nest] 26648  - [39m18.06.2026, 16:47:44 [32m    LOG[39m [38;5;3m[RouterExplorer] [39m[32mMapped {/api/notifications/read-all, PATCH} route[39m[38;5;3m +0ms[39m
[32m[Nest] 26648  - [39m18.06.2026, 16:47:44 [32m    LOG[39m [38;5;3m[RouterExplorer] [39m[32mMapped {/api/notifications/:id/read, PATCH} route[39m[38;5;3m +0ms[39m
[32m[Nest] 26648  - [39m18.06.2026, 16:47:44 [32m    LOG[39m [38;5;3m[RoutesResolver] [39m[32mDocumentsController {/api/documents}:[39m[38;5;3m +1ms[39m
[32m[Nest] 26648  - [39m18.06.2026, 16:47:44 [32m    LOG[39m [38;5;3m[RouterExplorer] [39m[32mMapped {/api/documents, GET} route[39m[38;5;3m +0ms[39m
[32m[Nest] 26648  - [39m18.06.2026, 16:47:44 [32m    LOG[39m [38;5;3m[RouterExplorer] [39m[32mMapped {/api/documents, POST} route[39m[38;5;3m +0ms[39m
[32m[Nest] 26648  - [39m18.06.2026, 16:47:44 [32m    LOG[39m [38;5;3m[RouterExplorer] [39m[32mMapped {/api/documents/upload, POST} route[39m[38;5;3m +0ms[39m
[32m[Nest] 26648  - [39m18.06.2026, 16:47:44 [32m    LOG[39m [38;5;3m[RouterExplorer] [39m[32mMapped {/api/documents/uploads/initiate, POST} route[39m[38;5;3m +1ms[39m
[32m[Nest] 26648  - [39m18.06.2026, 16:47:44 [32m    LOG[39m [38;5;3m[RouterExplorer] [39m[32mMapped {/api/documents/uploads/:uploadId/complete, POST} route[39m[38;5;3m +0ms[39m
[32m[Nest] 26648  - [39m18.06.2026, 16:47:44 [32m    LOG[39m [38;5;3m[RouterExplorer] [39m[32mMapped {/api/documents/:id, GET} route[39m[38;5;3m +0ms[39m
[32m[Nest] 26648  - [39m18.06.2026, 16:47:44 [32m    LOG[39m [38;5;3m[RouterExplorer] [39m[32mMapped {/api/documents/:id/file-access, GET} route[39m[38;5;3m +0ms[39m
[32m[Nest] 26648  - [39m18.06.2026, 16:47:44 [32m    LOG[39m [38;5;3m[RouterExplorer] [39m[32mMapped {/api/documents/:id/file, GET} route[39m[38;5;3m +0ms[39m
[32m[Nest] 26648  - [39m18.06.2026, 16:47:44 [32m    LOG[39m [38;5;3m[RouterExplorer] [39m[32mMapped {/api/documents/:id, PATCH} route[39m[38;5;3m +1ms[39m
[32m[Nest] 26648  - [39m18.06.2026, 16:47:44 [32m    LOG[39m [38;5;3m[RouterExplorer] [39m[32mMapped {/api/documents/:id/extracted-fields, PATCH} route[39m[38;5;3m +0ms[39m
[32m[Nest] 26648  - [39m18.06.2026, 16:47:44 [32m    LOG[39m [38;5;3m[RouterExplorer] [39m[32mMapped {/api/documents/:id/audit-events, PATCH} route[39m[38;5;3m +0ms[39m
[32m[Nest] 26648  - [39m18.06.2026, 16:47:44 [32m    LOG[39m [38;5;3m[RouterExplorer] [39m[32mMapped {/api/documents/:id, DELETE} route[39m[38;5;3m +0ms[39m
[32m[Nest] 26648  - [39m18.06.2026, 16:47:44 [32m    LOG[39m [38;5;3m[RoutesResolver] [39m[32mHealthController {/api/health}:[39m[38;5;3m +1ms[39m
[32m[Nest] 26648  - [39m18.06.2026, 16:47:44 [32m    LOG[39m [38;5;3m[RouterExplorer] [39m[32mMapped {/api/health, GET} route[39m[38;5;3m +0ms[39m
[32m[Nest] 26648  - [39m18.06.2026, 16:47:44 [32m    LOG[39m [38;5;3m[RouterExplorer] [39m[32mMapped {/api/health/db, GET} route[39m[38;5;3m +0ms[39m
[32m[Nest] 26648  - [39m18.06.2026, 16:47:44 [32m    LOG[39m [38;5;3m[NestApplication] [39m[32mNest application successfully started[39m[38;5;3m +5ms[39m
